// Jest Snapshot v1, https://goo.gl/fbAQLP

exports[`Executor02BytecodeBuilder Snapshot tests buildByteCode SimpleSwap should produce correct bytecode for simpleSwap ETH -> SUSHI via SushiSwapV3 and UniswapV3 1`] = `"0x000000000000000000000000000000000000000000000000000000000000002000000000000000000000000000000000000000000000000000000000000004a00000000000000000000000000000004000000000000000000000000000002710c02aaa39b223fe8d0a0e5c4f27ead9083c756cc200000020000400000000000900000000000000000000000000000000000000000000000000000000d0e30db0000000000000000000000000000001e000000000000000000000000000001450c02aaa39b223fe8d0a0e5c4f27ead9083c756cc200000060000000440000000000000000000000000000000000000000000000000000000000000000095ea7b3000000000000000000000000e592427a0aece92de3edee1f18e0157c058615640000000000000000000000000000000000000000000000001cdda4faccd00000e592427a0aece92de3edee1f18e0157c0586156400000140000000000000000000000000000000000000000000000000000000000000000000000000c04b8d59000000000000000000000000000000000000000000000000000000000000002000000000000000000000000000000000000000000000000000000000000000a0000000000000000000000000e6f1c1f58e34df3892cb1b1c193f82462bc0a86e0000000000000000000000000000000000000000000000000000000065898ab80000000000000000000000000000000000000000000000001cdda4faccd000000000000000000000000000000000000000000000000000000000000000000001000000000000000000000000000000000000000000000000000000000000002bc02aaa39b223fe8d0a0e5c4f27ead9083c756cc2000bb86b3595068778dd592e39a122f4f5a5cf09c90fe2000000000000000000000000000000000000000000000000000000000000000000000001e0000000000000000000000000000012c0c02aaa39b223fe8d0a0e5c4f27ead9083c756cc200000060000000440000000000000000000000000000000000000000000000000000000000000000095ea7b300000000000000000000000000f23572b16c5e9e58e7b965def51ff8ff546e340000000000000000000000000000000000000000000000001aa535d3d0c0000000f23572b16c5e9e58e7b965def51ff8ff546e3400000140000000000000000000000000000000000000000000000000000000000000000000000000c04b8d59000000000000000000000000000000000000000000000000000000000000002000000000000000000000000000000000000000000000000000000000000000a0000000000000000000000000e6f1c1f58e34df3892cb1b1c193f82462bc0a86e0000000000000000000000000000000000000000000000000000000065898ab80000000000000000000000000000000000000000000000001aa535d3d0c000000000000000000000000000000000000000000000000000000000000000000001000000000000000000000000000000000000000000000000000000000000002bc02aaa39b223fe8d0a0e5c4f27ead9083c756cc2000bb86b3595068778dd592e39a122f4f5a5cf09c90fe2000000000000000000000000000000000000000000"`;

exports[`Executor02BytecodeBuilder Snapshot tests buildByteCode SimpleSwap should produce correct bytecode for simpleSwap ETH -> USDC via SushiSwapV3 and BalancerV1 1`] = `"0x000000000000000000000000000000000000000000000000000000000000002000000000000000000000000000000000000000000000000000000000000008000000000000000000000000000000004000000000000000000000000000001518c02aaa39b223fe8d0a0e5c4f27ead9083c756cc200000020000400000000000900000000000000000000000000000000000000000000000000000000d0e30db0000000000000000000000000000001e000000000000000000000000000000c80c02aaa39b223fe8d0a0e5c4f27ead9083c756cc200000060000000440000000000000000000000000000000000000000000000000000000000000000095ea7b300000000000000000000000000f23572b16c5e9e58e7b965def51ff8ff546e340000000000000000000000000000000000000000000000002c68af0bb140000000f23572b16c5e9e58e7b965def51ff8ff546e3400000140000000000000000000000000000000000000000000000000000000000000000000000000c04b8d59000000000000000000000000000000000000000000000000000000000000002000000000000000000000000000000000000000000000000000000000000000a0000000000000000000000000e6f1c1f58e34df3892cb1b1c193f82462bc0a86e0000000000000000000000000000000000000000000000000000000065898bb00000000000000000000000000000000000000000000000002c68af0bb14000000000000000000000000000000000000000000000000000000000000000000001000000000000000000000000000000000000000000000000000000000000002bc02aaa39b223fe8d0a0e5c4f27ead9083c756cc2000bb8a0b86991c6218b36c1d19d4a2e9eb0ce3606eb48000000000000000000000000000000000000000000000000000000000000000000000001e000000000000000000000000000000898c02aaa39b223fe8d0a0e5c4f27ead9083c756cc200000060000000440000000000000000000000000000000000000000000000000000000000000000095ea7b300000000000000000000000000f23572b16c5e9e58e7b965def51ff8ff546e340000000000000000000000000000000000000000000000001e87f85809dc000000f23572b16c5e9e58e7b965def51ff8ff546e3400000140000000000000000000000000000000000000000000000000000000000000000000000000c04b8d59000000000000000000000000000000000000000000000000000000000000002000000000000000000000000000000000000000000000000000000000000000a0000000000000000000000000e6f1c1f58e34df3892cb1b1c193f82462bc0a86e0000000000000000000000000000000000000000000000000000000065898bb00000000000000000000000000000000000000000000000001e87f85809dc00000000000000000000000000000000000000000000000000000000000000000001000000000000000000000000000000000000000000000000000000000000002bc02aaa39b223fe8d0a0e5c4f27ead9083c756cc20001f4a0b86991c6218b36c1d19d4a2e9eb0ce3606eb4800000000000000000000000000000000000000000000000000000000000000000000000340000000000000000000000000000011f86317c5e82a06e1d8bf200d21f4510ac2c038ac81000002a00000002400000005000000000000000000000000000000000000000000000000000000004e7ffa040000000000000000000000000000000000000000000000000000000000000060000000000000000000000000a0b86991c6218b36c1d19d4a2e9eb0ce3606eb480000000000000000000000000000000000000000000000000000000000000001000000000000000000000000000000000000000000000000000000000000000400000000000000000000000069d460e01070a7ba1bc363885bc8f4f0daa19bf500000000000000000000000000000000000000000000000029a2241af62c00000000000000000000000000000000000000000000000000000000000000000000ffffffffffffffffffffffffffffffffffffffffffffffffffffffffffffffff0000000000000000000000001373e57f764a7944bdd7a4bd5ca3007d496934da000000000000000000000000000000000000000000000000058d15e1762800000000000000000000000000000000000000000000000000000000000000000000ffffffffffffffffffffffffffffffffffffffffffffffffffffffffffffffff0000000000000000000000002257aaac34bcb27900291f7b84ee2565a6cbac570000000000000000000000000000000000000000000000000853a0d2313c00000000000000000000000000000000000000000000000000000000000000000000ffffffffffffffffffffffffffffffffffffffffffffffffffffffffffffffff0000000000000000000000008a649274e4d777ffc6851f13d23a86bbfa2f2fbf0000000000000000000000000000000000000000000000000853a0d2313c00000000000000000000000000000000000000000000000000000000000000000000ffffffffffffffffffffffffffffffffffffffffffffffffffffffffffffffffa0b86991c6218b36c1d19d4a2e9eb0ce3606eb4800000060002400000000000300000000000000000000000000000000000000000000000000000000a9059cbb000000000000000000000000e6f1c1f58e34df3892cb1b1c193f82462bc0a86e00000000000000000000000000000000000000000000000000000004b97af117"`;

exports[`Executor02BytecodeBuilder Snapshot tests buildByteCode SimpleSwap should produce correct bytecode for simpleSwap SUSHI -> ETH via SushiSwapV3 and UniswapV3 1`] = `"0x000000000000000000000000000000000000000000000000000000000000002000000000000000000000000000000000000000000000000000000000000002e000000000000000000000000000000280000000000000000000000000000027106b3595068778dd592e39a122f4f5a5cf09c90fe200000060000000440000000000000000000000000000000000000000000000000000000000000000095ea7b300000000000000000000000000f23572b16c5e9e58e7b965def51ff8ff546e340000000000000000000000000000000000000000000000a2a15d09519be0000000f23572b16c5e9e58e7b965def51ff8ff546e3400000140000000ef0000000800000000000000000000000000000000000000000000000000000000c04b8d59000000000000000000000000000000000000000000000000000000000000002000000000000000000000000000000000000000000000000000000000000000a00000000000000000000000008edf3289c84e5ba9c73350805a7d4c1f43b41e080000000000000000000000000000000000000000000000000000000065898abd0000000000000000000000000000000000000000000000a2a15d09519be000000000000000000000000000000000000000000000000000000000000000000001000000000000000000000000000000000000000000000000000000000000002b6b3595068778dd592e39a122f4f5a5cf09c90fe2000bb8c02aaa39b223fe8d0a0e5c4f27ead9083c756cc2000000000000000000000000000000000000000000c02aaa39b223fe8d0a0e5c4f27ead9083c756cc2000000400004000000000007000000000000000000000000000000000000000000000000000000002e1a7d4d000000000000000000000000000000000000000000000000144aa80473e3b150e6f1c1f58e34df3892cb1b1c193f82462bc0a86e0000002000000000000400090000000000000000000000000000000000000000000000000000000000000000"`;

exports[`Executor02BytecodeBuilder Snapshot tests buildByteCode SimpleSwap should produce correct bytecode for simpleSwap USDC -> ETH via SushiSwapV3 and BalancerV1 1`] = `"0x000000000000000000000000000000000000000000000000000000000000002000000000000000000000000000000000000000000000000000000000000008c00000000000000000000000000000024000000000000000000000000000000c80a0b86991c6218b36c1d19d4a2e9eb0ce3606eb4800000060000000440000000000000000000000000000000000000000000000000000000000000000095ea7b300000000000000000000000000f23572b16c5e9e58e7b965def51ff8ff546e34000000000000000000000000000000000000000000000000000000017d78400000f23572b16c5e9e58e7b965def51ff8ff546e3400000140000000ef0000000800000000000000000000000000000000000000000000000000000000c04b8d59000000000000000000000000000000000000000000000000000000000000002000000000000000000000000000000000000000000000000000000000000000a000000000000000000000000091e96a80943d06085997bbf41f253ae85f560b3e0000000000000000000000000000000000000000000000000000000065898c61000000000000000000000000000000000000000000000000000000017d7840000000000000000000000000000000000000000000000000000000000000000001000000000000000000000000000000000000000000000000000000000000002ba0b86991c6218b36c1d19d4a2e9eb0ce3606eb48000bb8c02aaa39b223fe8d0a0e5c4f27ead9083c756cc2000000000000000000000000000000000000000000c02aaa39b223fe8d0a0e5c4f27ead9083c756cc2000000400004000000000007000000000000000000000000000000000000000000000000000000002e1a7d4d00000000000000000000000000000000000000000000000044a8f01fd4911f4f0000000000000000000000000000024000000000000000000000000000000960a0b86991c6218b36c1d19d4a2e9eb0ce3606eb4800000060000000440000000000000000000000000000000000000000000000000000000000000000095ea7b300000000000000000000000000f23572b16c5e9e58e7b965def51ff8ff546e34000000000000000000000000000000000000000000000000000000011e1a300000f23572b16c5e9e58e7b965def51ff8ff546e3400000140000000ef0000000800000000000000000000000000000000000000000000000000000000c04b8d59000000000000000000000000000000000000000000000000000000000000002000000000000000000000000000000000000000000000000000000000000000a000000000000000000000000091e96a80943d06085997bbf41f253ae85f560b3e0000000000000000000000000000000000000000000000000000000065898c61000000000000000000000000000000000000000000000000000000011e1a30000000000000000000000000000000000000000000000000000000000000000001000000000000000000000000000000000000000000000000000000000000002ba0b86991c6218b36c1d19d4a2e9eb0ce3606eb480001f4c02aaa39b223fe8d0a0e5c4f27ead9083c756cc2000000000000000000000000000000000000000000c02aaa39b223fe8d0a0e5c4f27ead9083c756cc2000000400004000000000007000000000000000000000000000000000000000000000000000000002e1a7d4d00000000000000000000000000000000000000000000000044a8f01fd4911f4f000000000000000000000000000003a000000000000000000000000000001130a0b86991c6218b36c1d19d4a2e9eb0ce3606eb4800000060000000440000000000000000000000000000000000000000000000000000000000000000095ea7b30000000000000000000000006317c5e82a06e1d8bf200d21f4510ac2c038ac81000000000000000000000000000000000000000000000000000000020c8558006317c5e82a06e1d8bf200d21f4510ac2c038ac81000002c00000000000000004000000000000000000000000000000000000000000000000000000003ca9184e0000000000000000000000000000000000000000000000000000000000000080000000000000000000000000a0b86991c6218b36c1d19d4a2e9eb0ce3606eb48000000000000000000000000000000000000000000000000000000020c8558000000000000000000000000000000000000000000000000000000000000000001000000000000000000000000000000000000000000000000000000000000000400000000000000000000000069d460e01070a7ba1bc363885bc8f4f0daa19bf5000000000000000000000000000000000000000000000000000000014dc938000000000000000000000000000000000000000000000000000000000000000000ffffffffffffffffffffffffffffffffffffffffffffffffffffffffffffffff0000000000000000000000002257aaac34bcb27900291f7b84ee2565a6cbac570000000000000000000000000000000000000000000000000000000047868c000000000000000000000000000000000000000000000000000000000000000000ffffffffffffffffffffffffffffffffffffffffffffffffffffffffffffffff0000000000000000000000008a649274e4d777ffc6851f13d23a86bbfa2f2fbf0000000000000000000000000000000000000000000000000000000047868c000000000000000000000000000000000000000000000000000000000000000000ffffffffffffffffffffffffffffffffffffffffffffffffffffffffffffffff0000000000000000000000009b208194acc0a8ccb2a8dcafeacfbb7dcc093f81000000000000000000000000000000000000000000000000000000002faf08000000000000000000000000000000000000000000000000000000000000000000ffffffffffffffffffffffffffffffffffffffffffffffffffffffffffffffffe6f1c1f58e34df3892cb1b1c193f82462bc0a86e0000002000000000000400090000000000000000000000000000000000000000000000000000000000000000"`;

exports[`Executor02BytecodeBuilder Snapshot tests buildByteCode SimpleSwap should produce correct bytecode for simpleSwap USDT -> DAI via UniswapV3 and CurveV1 1`] = `"0x00000000000000000000000000000000000000000000000000000000000000200000000000000000000000000000000000000000000000000000000000000670000000000000000000000000000001f0000000000000000000000000000000c8dac17f958d2ee523a2206206994597c13d831ec700000060000000440000000000000000000000000000000000000000000000000000000000000000095ea7b3000000000000000000000000a5407eae9ba41422680e2e00537571bcc53efbfd0000000000000000000000000000000000000000000000000000002e91866680a5407eae9ba41422680e2e00537571bcc53efbfd000000d0000000940000000800000000000000000000000000000000000000000000000000000000a6417ed6000000000000000000000000000000000000000000000000000000000000000200000000000000000000000000000000000000000000000000000000000000000000000000000000000000000000000000000000000000000000002e918666800000000000000000000000000000000000000000000000000000000000000001000000000000000000000000000000000000000000000000000000006b175474e89094c44da98b954eedeac495271d0f6b175474e89094c44da98b954eedeac495271d0f00000060002400000000000300000000000000000000000000000000000000000000000000000000a9059cbb000000000000000000000000e6f1c1f58e34df3892cb1b1c193f82462bc0a86e0000000000000000000000000000000000000000000842c5e210143d4ff0db94000000000000000000000000000001f000000000000000000000000000002260dac17f958d2ee523a2206206994597c13d831ec700000060000000440000000000000000000000000000000000000000000000000000000000000000095ea7b3000000000000000000000000bebc44782c7db0a1a60cb6fe97d0b483032ff1c70000000000000000000000000000000000000000000000000000080103199e00bebc44782c7db0a1a60cb6fe97d0b483032ff1c7000000d00000009400000008000000000000000000000000000000000000000000000000000000003df02124000000000000000000000000000000000000000000000000000000000000000200000000000000000000000000000000000000000000000000000000000000000000000000000000000000000000000000000000000000000000080103199e000000000000000000000000000000000000000000000000000000000000000001000000000000000000000000000000000000000000000000000000006b175474e89094c44da98b954eedeac495271d0f6b175474e89094c44da98b954eedeac495271d0f00000060002400000000000300000000000000000000000000000000000000000000000000000000a9059cbb000000000000000000000000e6f1c1f58e34df3892cb1b1c193f82462bc0a86e0000000000000000000000000000000000000000000842c5e210143d4ff0db94000000000000000000000000000001f0000000000000000000000000000003e8dac17f958d2ee523a2206206994597c13d831ec700000060000000440000000000000000000000000000000000000000000000000000000000000000095ea7b3000000000000000000000000debf20617708857ebe4f679508e7b7863a8a8eee000000000000000000000000000000000000000000000000000000e8d7a00080debf20617708857ebe4f679508e7b7863a8a8eee000000d0000000940000000800000000000000000000000000000000000000000000000000000000a6417ed600000000000000000000000000000000000000000000000000000000000000020000000000000000000000000000000000000000000000000000000000000000000000000000000000000000000000000000000000000000000000e8d7a000800000000000000000000000000000000000000000000000000000000000000001000000000000000000000000000000000000000000000000000000006b175474e89094c44da98b954eedeac495271d0f6b175474e89094c44da98b954eedeac495271d0f00000060002400000000000300000000000000000000000000000000000000000000000000000000a9059cbb000000000000000000000000e6f1c1f58e34df3892cb1b1c193f82462bc0a86e0000000000000000000000000000000000000000000842c5e210143d4ff0db94"`;
